impl SimpleTest for () {}
impl<Member0> SimpleTest for (Member0,) where Member0: SimpleTest {}
impl<Member0, Member1> SimpleTest for (Member0, Member1)
where
    Member0: SimpleTest,
    Member1: SimpleTest,
{
}
impl<Member0, Member1, Member2> SimpleTest for (Member0, Member1, Member2)
where
    Member0: SimpleTest,
    Member1: SimpleTest,
    Member2: SimpleTest,
{
}
impl<Member0, Member1, Member2, Member3> SimpleTest for (Member0, Member1, Member2, Member3)
where
    Member0: SimpleTest,
    Member1: SimpleTest,
    Member2: SimpleTest,
    Member3: SimpleTest,
{
}
impl<Member0, Member1, Member2, Member3, Member4> SimpleTest
    for (Member0, Member1, Member2, Member3, Member4)
where
    Member0: SimpleTest,
    Member1: SimpleTest,
    Member2: SimpleTest,
    Member3: SimpleTest,
    Member4: SimpleTest,
{
}
impl<Member0, Member1, Member2, Member3, Member4, Member5> SimpleTest
    for (Member0, Member1, Member2, Member3, Member4, Member5)
where
    Member0: SimpleTest,
    Member1: SimpleTest,
    Member2: SimpleTest,
    Member3: SimpleTest,
    Member4: SimpleTest,
    Member5: SimpleTest,
{
}
impl<Member0, Member1, Member2, Member3, Member4, Member5, Member6> SimpleTest
    for (
        Member0,
        Member1,
        Member2,
        Member3,
        Member4,
        Member5,
        Member6,
    )
where
    Member0: SimpleTest,
    Member1: SimpleTest,
    Member2: SimpleTest,
    Member3: SimpleTest,
    Member4: SimpleTest,
    Member5: SimpleTest,
    Member6: SimpleTest,
{
}
impl<Member0, Member1, Member2, Member3, Member4, Member5, Member6, Member7> SimpleTest
    for (
        Member0,
        Member1,
        Member2,
        Member3,
        Member4,
        Member5,
        Member6,
        Member7,
    )
where
    Member0: SimpleTest,
    Member1: SimpleTest,
    Member2: SimpleTest,
    Member3: SimpleTest,
    Member4: SimpleTest,
    Member5: SimpleTest,
    Member6: SimpleTest,
    Member7: SimpleTest,
{
}
impl<Member0, Member1, Member2, Member3, Member4, Member5, Member6, Member7, Member8> SimpleTest
    for (
        Member0,
        Member1,
        Member2,
        Member3,
        Member4,
        Member5,
        Member6,
        Member7,
        Member8,
    )
where
    Member0: SimpleTest,
    Member1: SimpleTest,
    Member2: SimpleTest,
    Member3: SimpleTest,
    Member4: SimpleTest,
    Member5: SimpleTest,
    Member6: SimpleTest,
    Member7: SimpleTest,
    Member8: SimpleTest,
{
}
impl<Member0, Member1, Member2, Member3, Member4, Member5, Member6, Member7, Member8, Member9>
    SimpleTest
    for (
        Member0,
        Member1,
        Member2,
        Member3,
        Member4,
        Member5,
        Member6,
        Member7,
        Member8,
        Member9,
    )
where
    Member0: SimpleTest,
    Member1: SimpleTest,
    Member2: SimpleTest,
    Member3: SimpleTest,
    Member4: SimpleTest,
    Member5: SimpleTest,
    Member6: SimpleTest,
    Member7: SimpleTest,
    Member8: SimpleTest,
    Member9: SimpleTest,
{
}
impl<
        Member0,
        Member1,
        Member2,
        Member3,
        Member4,
        Member5,
        Member6,
        Member7,
        Member8,
        Member9,
        Member10,
    > SimpleTest
    for (
        Member0,
        Member1,
        Member2,
        Member3,
        Member4,
        Member5,
        Member6,
        Member7,
        Member8,
        Member9,
        Member10,
    )
where
    Member0: SimpleTest,
    Member1: SimpleTest,
    Member2: SimpleTest,
    Member3: SimpleTest,
    Member4: SimpleTest,
    Member5: SimpleTest,
    Member6: SimpleTest,
    Member7: SimpleTest,
    Member8: SimpleTest,
    Member9: SimpleTest,
    Member10: SimpleTest,
{
}
impl<
        Member0,
        Member1,
        Member2,
        Member3,
        Member4,
        Member5,
        Member6,
        Member7,
        Member8,
        Member9,
        Member10,
        Member11,
    > SimpleTest
    for (
        Member0,
        Member1,
        Member2,
        Member3,
        Member4,
        Member5,
        Member6,
        Member7,
        Member8,
        Member9,
        Member10,
        Member11,
    )
where
    Member0: SimpleTest,
    Member1: SimpleTest,
    Member2: SimpleTest,
    Member3: SimpleTest,
    Member4: SimpleTest,
    Member5: SimpleTest,
    Member6: SimpleTest,
    Member7: SimpleTest,
    Member8: SimpleTest,
    Member9: SimpleTest,
    Member10: SimpleTest,
    Member11: SimpleTest,
{
}
impl<
        Member0,
        Member1,
        Member2,
        Member3,
        Member4,
        Member5,
        Member6,
        Member7,
        Member8,
        Member9,
        Member10,
        Member11,
        Member12,
    > SimpleTest
    for (
        Member0,
        Member1,
        Member2,
        Member3,
        Member4,
        Member5,
        Member6,
        Member7,
        Member8,
        Member9,
        Member10,
        Member11,
        Member12,
    )
where
    Member0: SimpleTest,
    Member1: SimpleTest,
    Member2: SimpleTest,
    Member3: SimpleTest,
    Member4: SimpleTest,
    Member5: SimpleTest,
    Member6: SimpleTest,
    Member7: SimpleTest,
    Member8: SimpleTest,
    Member9: SimpleTest,
    Member10: SimpleTest,
    Member11: SimpleTest,
    Member12: SimpleTest,
{
}
impl<
        Member0,
        Member1,
        Member2,
        Member3,
        Member4,
        Member5,
        Member6,
        Member7,
        Member8,
        Member9,
        Member10,
        Member11,
        Member12,
        Member13,
    > SimpleTest
    for (
        Member0,
        Member1,
        Member2,
        Member3,
        Member4,
        Member5,
        Member6,
        Member7,
        Member8,
        Member9,
        Member10,
        Member11,
        Member12,
        Member13,
    )
where
    Member0: SimpleTest,
    Member1: SimpleTest,
    Member2: SimpleTest,
    Member3: SimpleTest,
    Member4: SimpleTest,
    Member5: SimpleTest,
    Member6: SimpleTest,
    Member7: SimpleTest,
    Member8: SimpleTest,
    Member9: SimpleTest,
    Member10: SimpleTest,
    Member11: SimpleTest,
    Member12: SimpleTest,
    Member13: SimpleTest,
{
}
impl<
        Member0,
        Member1,
        Member2,
        Member3,
        Member4,
        Member5,
        Member6,
        Member7,
        Member8,
        Member9,
        Member10,
        Member11,
        Member12,
        Member13,
        Member14,
    > SimpleTest
    for (
        Member0,
        Member1,
        Member2,
        Member3,
        Member4,
        Member5,
        Member6,
        Member7,
        Member8,
        Member9,
        Member10,
        Member11,
        Member12,
        Member13,
        Member14,
    )
where
    Member0: SimpleTest,
    Member1: SimpleTest,
    Member2: SimpleTest,
    Member3: SimpleTest,
    Member4: SimpleTest,
    Member5: SimpleTest,
    Member6: SimpleTest,
    Member7: SimpleTest,
    Member8: SimpleTest,
    Member9: SimpleTest,
    Member10: SimpleTest,
    Member11: SimpleTest,
    Member12: SimpleTest,
    Member13: SimpleTest,
    Member14: SimpleTest,
{
}
impl<
        Member0,
        Member1,
        Member2,
        Member3,
        Member4,
        Member5,
        Member6,
        Member7,
        Member8,
        Member9,
        Member10,
        Member11,
        Member12,
        Member13,
        Member14,
        Member15,
    > SimpleTest
    for (
        Member0,
        Member1,
        Member2,
        Member3,
        Member4,
        Member5,
        Member6,
        Member7,
        Member8,
        Member9,
        Member10,
        Member11,
        Member12,
        Member13,
        Member14,
        Member15,
    )
where
    Member0: SimpleTest,
    Member1: SimpleTest,
    Member2: SimpleTest,
    Member3: SimpleTest,
    Member4: SimpleTest,
    Member5: SimpleTest,
    Member6: SimpleTest,
    Member7: SimpleTest,
    Member8: SimpleTest,
    Member9: SimpleTest,
    Member10: SimpleTest,
    Member11: SimpleTest,
    Member12: SimpleTest,
    Member13: SimpleTest,
    Member14: SimpleTest,
    Member15: SimpleTest,
{
}
